src/main.ts(3,44): error TS6133: 'addTodo' is declared but its value is never read.
src/todo.ts(299,29): error TS2769: No overload matches this call.
  Overload 1 of 3, '(firestore: Firestore, path: string, ...pathSegments: string[]): DocumentReference<DocumentData, DocumentData>', gave the following error.
    Argument of type 'Firestore | null' is not assignable to parameter of type 'Firestore'.
      Type 'null' is not assignable to type 'Firestore'.
  Overload 2 of 3, '(reference: CollectionReference<unknown, DocumentData>, path?: string | undefined, ...pathSegments: string[]): DocumentReference<unknown, DocumentData>', gave the following error.
    Argument of type 'Firestore | null' is not assignable to parameter of type 'CollectionReference<unknown, DocumentData>'.
      Type 'null' is not assignable to type 'CollectionReference<unknown, DocumentData>'.
  Overload 3 of 3, '(reference: DocumentReference<unknown, DocumentData>, path: string, ...pathSegments: string[]): DocumentReference<DocumentData, DocumentData>', gave the following error.
    Argument of type 'Firestore | null' is not assignable to parameter of type 'DocumentReference<unknown, DocumentData>'.
      Type 'null' is not assignable to type 'DocumentReference<unknown, DocumentData>'.
